current directory: /Users/giggliu/Downloads/PrivateInformation/Website/gigg1.github.io/vendor/gems/gems/bigdecimal-4.1.2/ext/bigdecimal
/usr/local/opt/ruby/bin/ruby extconf.rb
checking for __builtin_clz()... yes
checking for __builtin_clzl()... yes
checking for __builtin_clzll()... yes
checking for float.h... yes
checking for math.h... yes
checking for stdbool.h... yes
checking for stdlib.h... yes
checking for x86intrin.h... no
checking for intrin.h... no
checking for ruby/atomic.h... yes
checking for ruby/internal/has/builtin.h... yes
checking for ruby/internal/static_assert.h... yes
checking for rb_complex_real() in ruby.h... no
checking for rb_complex_imag() in ruby.h... no
checking for rb_opts_exception_p() in ruby.h... no
checking for rb_category_warn() in ruby.h... no
checking for RB_WARN_CATEGORY_DEPRECATED in ruby.h... yes
checking for RUBY_TYPED_EMBEDDABLE in ruby.h... yes
creating Makefile

current directory: /Users/giggliu/Downloads/PrivateInformation/Website/gigg1.github.io/vendor/gems/gems/bigdecimal-4.1.2/ext/bigdecimal
make -j11 DESTDIR\= sitearchdir\=./.gem.20260815-31413-343n5r sitelibdir\=./.gem.20260815-31413-343n5r clean

current directory: /Users/giggliu/Downloads/PrivateInformation/Website/gigg1.github.io/vendor/gems/gems/bigdecimal-4.1.2/ext/bigdecimal
make -j11 DESTDIR\= sitearchdir\=./.gem.20260815-31413-343n5r sitelibdir\=./.gem.20260815-31413-343n5r
compiling bigdecimal.c
compiling missing.c
linking shared-object bigdecimal.bundle
ld: warning: ignoring file '/usr/local/Cellar/ruby/4.0.6/lib/libruby.4.0.dylib': found architecture 'x86_64', required architecture 'arm64'

current directory: /Users/giggliu/Downloads/PrivateInformation/Website/gigg1.github.io/vendor/gems/gems/bigdecimal-4.1.2/ext/bigdecimal
make -j11 DESTDIR\= sitearchdir\=./.gem.20260815-31413-343n5r sitelibdir\=./.gem.20260815-31413-343n5r install
/usr/bin/install -c -m 0755 bigdecimal.bundle ./.gem.20260815-31413-343n5r

current directory: /Users/giggliu/Downloads/PrivateInformation/Website/gigg1.github.io/vendor/gems/gems/bigdecimal-4.1.2/ext/bigdecimal
make DESTDIR\= sitearchdir\=./.gem.20260815-31413-343n5r sitelibdir\=./.gem.20260815-31413-343n5r clean
