current directory: /Users/giggliu/Downloads/PrivateInformation/Website/gigg1.github.io/vendor/gems/gems/json-2.10.2/ext/json/ext/parser
/usr/local/opt/ruby/bin/ruby extconf.rb
checking for rb_enc_interned_str() in ruby.h... no
checking for rb_hash_new_capa() in ruby.h... no
checking for rb_hash_bulk_insert() in ruby.h... no
checking for rb_category_warn() in ruby.h... no
checking for strnlen() in string.h... yes
checking for whether -std=c99 is accepted as CFLAGS... yes
creating Makefile

current directory: /Users/giggliu/Downloads/PrivateInformation/Website/gigg1.github.io/vendor/gems/gems/json-2.10.2/ext/json/ext/parser
make -j11 DESTDIR\= sitearchdir\=./.gem.20260815-90672-c44hre sitelibdir\=./.gem.20260815-90672-c44hre clean

current directory: /Users/giggliu/Downloads/PrivateInformation/Website/gigg1.github.io/vendor/gems/gems/json-2.10.2/ext/json/ext/parser
make -j11 DESTDIR\= sitearchdir\=./.gem.20260815-90672-c44hre sitelibdir\=./.gem.20260815-90672-c44hre
compiling parser.c
linking shared-object json/ext/parser.bundle
ld: warning: ignoring file '/usr/local/Cellar/ruby/4.0.6/lib/libruby.4.0.dylib': found architecture 'x86_64', required architecture 'arm64'

current directory: /Users/giggliu/Downloads/PrivateInformation/Website/gigg1.github.io/vendor/gems/gems/json-2.10.2/ext/json/ext/parser
make -j11 DESTDIR\= sitearchdir\=./.gem.20260815-90672-c44hre sitelibdir\=./.gem.20260815-90672-c44hre install
/usr/bin/install -c -m 0755 parser.bundle ./.gem.20260815-90672-c44hre/json/ext

current directory: /Users/giggliu/Downloads/PrivateInformation/Website/gigg1.github.io/vendor/gems/gems/json-2.10.2/ext/json/ext/parser
make DESTDIR\= sitearchdir\=./.gem.20260815-90672-c44hre sitelibdir\=./.gem.20260815-90672-c44hre clean
