current directory: /Users/giggliu/Downloads/PrivateInformation/Website/gigg1.github.io/vendor/gems/gems/eventmachine-1.2.7/ext
/usr/local/opt/ruby/bin/ruby extconf.rb
checking for pkg-config for openssl... ["-I/usr/local/Cellar/openssl@3/3.6.3/include ", "-L/usr/local/Cellar/openssl@3/3.6.3/lib", "-lssl -lcrypto"]
-----
Using OpenSSL from pkg-config -I/usr/local/Cellar/openssl@3/3.6.3/include  && -L/usr/local/Cellar/openssl@3/3.6.3/lib && -lssl -lcrypto
-----
checking for -lcrypto... yes
checking for -lssl... yes
checking for openssl/ssl.h... yes
checking for openssl/err.h... yes
checking for rb_trap_immediate in ruby.h,rubysig.h... no
checking for rb_thread_blocking_region()... no
checking for rb_thread_call_without_gvl() in ruby/thread.h... no
checking for rb_thread_fd_select()... no
checking for rb_fdset_t in ruby/intern.h... yes
checking for rb_wait_for_single_fd()... no
checking for rb_enable_interrupt()... no
checking for rb_time_new()... no
checking for inotify_init() in sys/inotify.h... no
checking for __NR_inotify_init in sys/syscall.h... no
checking for writev() in sys/uio.h... yes
checking for pipe2() in unistd.h... no
checking for accept4() in sys/socket.h... no
checking for SOCK_CLOEXEC in sys/socket.h... no
checking for sys/event.h... yes
checking for sys/queue.h... yes
checking for clock_gettime()... yes
checking for CLOCK_MONOTONIC_RAW in time.h... yes
checking for CLOCK_MONOTONIC in time.h... yes
CXXFLAGS=-fdeclspec -Wall -Wextra -Wno-deprecated-declarations -Wno-ignored-qualifiers -Wno-unused-result -Wno-address
creating Makefile

current directory: /Users/giggliu/Downloads/PrivateInformation/Website/gigg1.github.io/vendor/gems/gems/eventmachine-1.2.7/ext
make -j11 DESTDIR\= sitearchdir\=./.gem.20260815-61018-1j5exc sitelibdir\=./.gem.20260815-61018-1j5exc clean

current directory: /Users/giggliu/Downloads/PrivateInformation/Website/gigg1.github.io/vendor/gems/gems/eventmachine-1.2.7/ext
make -j11 DESTDIR\= sitearchdir\=./.gem.20260815-61018-1j5exc sitelibdir\=./.gem.20260815-61018-1j5exc
compiling binder.cpp
compiling cmain.cpp
compiling kb.cpp
compiling em.cpp
compiling page.cpp
compiling ed.cpp
compiling pipe.cpp
compiling rubymain.cpp
compiling ssl.cpp
ssl.cpp:216:9: warning: 'PEM_read_bio_DHparams' is deprecated [-Wdeprecated-declarations]
  216 |                         dh = PEM_read_bio_DHparams(bio, NULL, NULL, NULL);
      |                              ^
/usr/local/Cellar/openssl@3/3.6.3/include/openssl/pem.h:479:21: note: 'PEM_read_bio_DHparams' has been explicitly marked deprecated here
  479 | DECLARE_PEM_rw_attr(OSSL_DEPRECATEDIN_3_0, DHparams, DH)
      |                     ^
/usr/local/Cellar/openssl@3/3.6.3/include/openssl/macros.h:229:31: note: expanded from macro 'OSSL_DEPRECATEDIN_3_0'
  229 | #define OSSL_DEPRECATEDIN_3_0 OSSL_DEPRECATED(3.0)
      |                               ^
/usr/local/Cellar/openssl@3/3.6.3/include/openssl/macros.h:61:47: note: expanded from macro 'OSSL_DEPRECATED'
   61 | #define OSSL_DEPRECATED(since) __attribute__((deprecated))
      |                                               ^
ssl.cpp:227:4: warning: 'DH_free' is deprecated [-Wdeprecated-declarations]
  227 |                         DH_free(dh);
      |                         ^
/usr/local/Cellar/openssl@3/3.6.3/include/openssl/dh.h:211:1: note: 'DH_free' has been explicitly marked deprecated here
  211 | OSSL_DEPRECATEDIN_3_0 void DH_free(DH *dh);
      | ^
/usr/local/Cellar/openssl@3/3.6.3/include/openssl/macros.h:229:31: note: expanded from macro 'OSSL_DEPRECATEDIN_3_0'
  229 | #define OSSL_DEPRECATEDIN_3_0 OSSL_DEPRECATED(3.0)
      |                               ^
/usr/local/Cellar/openssl@3/3.6.3/include/openssl/macros.h:61:47: note: expanded from macro 'OSSL_DEPRECATED'
   61 | #define OSSL_DEPRECATED(since) __attribute__((deprecated))
      |                                               ^
ssl.cpp:243:12: warning: 'EC_KEY_new_by_curve_name' is deprecated [-Wdeprecated-declarations]
  243 |                                 ecdh = EC_KEY_new_by_curve_name(nid);
      |                                        ^
/usr/local/Cellar/openssl@3/3.6.3/include/openssl/ec.h:1009:1: note: 'EC_KEY_new_by_curve_name' has been explicitly marked deprecated here
 1009 | OSSL_DEPRECATEDIN_3_0 EC_KEY *EC_KEY_new_by_curve_name(int nid);
      | ^
/usr/local/Cellar/openssl@3/3.6.3/include/openssl/macros.h:229:31: note: expanded from macro 'OSSL_DEPRECATEDIN_3_0'
  229 | #define OSSL_DEPRECATEDIN_3_0 OSSL_DEPRECATED(3.0)
      |                               ^
/usr/local/Cellar/openssl@3/3.6.3/include/openssl/macros.h:61:47: note: expanded from macro 'OSSL_DEPRECATED'
   61 | #define OSSL_DEPRECATED(since) __attribute__((deprecated))
      |                                               ^
ssl.cpp:254:5: warning: 'EC_KEY_free' is deprecated [-Wdeprecated-declarations]
  254 |                                 EC_KEY_free(ecdh);
      |                                 ^
/usr/local/Cellar/openssl@3/3.6.3/include/openssl/ec.h:1014:1: note: 'EC_KEY_free' has been explicitly marked deprecated here
 1014 | OSSL_DEPRECATEDIN_3_0 void EC_KEY_free(EC_KEY *key);
      | ^
/usr/local/Cellar/openssl@3/3.6.3/include/openssl/macros.h:229:31: note: expanded from macro 'OSSL_DEPRECATEDIN_3_0'
  229 | #define OSSL_DEPRECATEDIN_3_0 OSSL_DEPRECATED(3.0)
      |                               ^
/usr/local/Cellar/openssl@3/3.6.3/include/openssl/macros.h:61:47: note: expanded from macro 'OSSL_DEPRECATED'
   61 | #define OSSL_DEPRECATED(since) __attribute__((deprecated))
      |                                               ^
em.cpp:706:13: error: use of undeclared identifier 'rb_thread_select'; did you mean 'rb_thread_fd_select'?
  706 |         if ((ret = rb_thread_select(kqfd + 1, &fdreads, NULL, NULL, &tv)) < 1) {
      |                    ^~~~~~~~~~~~~~~~
      |                    rb_thread_fd_select
/usr/local/Cellar/ruby/4.0.6/include/ruby-4.0.0/ruby/internal/intern/select.h:84:5: note: 'rb_thread_fd_select' declared here
   84 | int rb_thread_fd_select(int nfds, rb_fdset_t *rfds, rb_fdset_t *wfds, rb_fdset_t *efds, struct timeval *timeout);
      |     ^
em.cpp:706:40: error: cannot initialize a parameter of type 'rb_fdset_t *' with an rvalue of type 'fd_set *'
  706 |         if ((ret = rb_thread_select(kqfd + 1, &fdreads, NULL, NULL, &tv)) < 1) {
      |                                               ^~~~~~~~
/usr/local/Cellar/ruby/4.0.6/include/ruby-4.0.0/ruby/internal/intern/select.h:84:47: note: passing argument to parameter 'rfds' here
   84 | int rb_thread_fd_select(int nfds, rb_fdset_t *rfds, rb_fdset_t *wfds, rb_fdset_t *efds, struct timeval *timeout);
      |                                               ^
em.cpp:939:9: error: use of undeclared identifier 'rb_thread_select'; did you mean 'rb_thread_fd_select'?
  939 |         return EmSelect (maxsocket+1, &fdreads, &fdwrites, &fderrors, &tv);
      |                ^~~~~~~~
      |                rb_thread_fd_select
./em.h:29:22: note: expanded from macro 'EmSelect'
   29 |     #define EmSelect rb_thread_select
      |                      ^~~~~~~~~~~~~~~~
/usr/local/Cellar/ruby/4.0.6/include/ruby-4.0.0/ruby/internal/intern/select.h:84:5: note: 'rb_thread_fd_select' declared here
   84 | int rb_thread_fd_select(int nfds, rb_fdset_t *rfds, rb_fdset_t *wfds, rb_fdset_t *efds, struct timeval *timeout);
      |     ^
4 warnings generated.
rubymain.cpp:220:3: warning: 'rb_rescue' is deprecated: Use of ANYARGS in this function is deprecated [-Wdeprecated-declarations]
  220 |                 rb_rescue((VALUE (*)(ANYARGS))event_callback, (VALUE)&e, (VALUE (*)(ANYARGS))event_error_handler, Qnil);
      |                 ^
/usr/local/Cellar/ruby/4.0.6/include/ruby-4.0.0/ruby/backward/cxxanyargs.hpp:246:1: note: 'rb_rescue' has been explicitly marked deprecated here
  246 | RUBY_CXX_DEPRECATED("Use of ANYARGS in this function is deprecated")
      | ^
/usr/local/Cellar/ruby/4.0.6/include/ruby-4.0.0/ruby/backward/2/attributes.h:79:35: note: expanded from macro 'RUBY_CXX_DEPRECATED'
   79 | #define RUBY_CXX_DEPRECATED(mseg) RBIMPL_ATTR_DEPRECATED((mseg))
      |                                   ^
/usr/local/Cellar/ruby/4.0.6/include/ruby-4.0.0/ruby/internal/attr/deprecated.h:36:53: note: expanded from macro 'RBIMPL_ATTR_DEPRECATED'
   36 | # define RBIMPL_ATTR_DEPRECATED(msg) __attribute__((__deprecated__ msg))
      |                                                     ^
em.cpp:1063:6: error: use of undeclared identifier 'rb_thread_select'; did you mean 'rb_thread_fd_select'?
 1063 |                                         EmSelect (0, NULL, NULL, NULL, &tv);
      |                                         ^~~~~~~~
      |                                         rb_thread_fd_select
./em.h:29:22: note: expanded from macro 'EmSelect'
   29 |     #define EmSelect rb_thread_select
      |                      ^~~~~~~~~~~~~~~~
/usr/local/Cellar/ruby/4.0.6/include/ruby-4.0.0/ruby/internal/intern/select.h:84:5: note: 'rb_thread_fd_select' declared here
   84 | int rb_thread_fd_select(int nfds, rb_fdset_t *rfds, rb_fdset_t *wfds, rb_fdset_t *efds, struct timeval *timeout);
      |     ^
em.cpp:2119:3: warning: 'sprintf' is deprecated: This function is provided for compatibility reasons only.  Due to security concerns inherent in the design of sprintf(3), it is highly recommended that you use snprintf(3) instead. [-Wdeprecated-declarations]
 2119 |                 sprintf(errbuf, "failed to register file watch descriptor with kqueue: %s", strerror(errno));
      |                 ^
/Applications/Xcode.app/Contents/Developer/Platforms/MacOSX.platform/Developer/SDKs/MacOSX.sdk/usr/include/_stdio.h:278:1: note: 'sprintf' has been explicitly marked deprecated here
  278 | __deprecated_msg("This function is provided for compatibility reasons only.  Due to security concerns inherent in the design of sprintf(3), it is highly recommended that you use snprintf(3) instead.")
      | ^
/Applications/Xcode.app/Contents/Developer/Platforms/MacOSX.platform/Developer/SDKs/MacOSX.sdk/usr/include/sys/cdefs.h:227:48: note: expanded from macro '__deprecated_msg'
  227 |         #define __deprecated_msg(_msg) __attribute__((__deprecated__(_msg)))
      |                                                       ^
em.cpp:2186:3: warning: 'sprintf' is deprecated: This function is provided for compatibility reasons only.  Due to security concerns inherent in the design of sprintf(3), it is highly recommended that you use snprintf(3) instead. [-Wdeprecated-declarations]
 2186 |                 sprintf(errbuf, "error registering file %s for watching: %s", fpath, strerror(errno));
      |                 ^
/Applications/Xcode.app/Contents/Developer/Platforms/MacOSX.platform/Developer/SDKs/MacOSX.sdk/usr/include/_stdio.h:278:1: note: 'sprintf' has been explicitly marked deprecated here
  278 | __deprecated_msg("This function is provided for compatibility reasons only.  Due to security concerns inherent in the design of sprintf(3), it is highly recommended that you use snprintf(3) instead.")
      | ^
/Applications/Xcode.app/Contents/Developer/Platforms/MacOSX.platform/Developer/SDKs/MacOSX.sdk/usr/include/sys/cdefs.h:227:48: note: expanded from macro '__deprecated_msg'
  227 |         #define __deprecated_msg(_msg) __attribute__((__deprecated__(_msg)))
      |                                                       ^
em.cpp:2214:3: warning: 'sprintf' is deprecated: This function is provided for compatibility reasons only.  Due to security concerns inherent in the design of sprintf(3), it is highly recommended that you use snprintf(3) instead. [-Wdeprecated-declarations]
 2214 |                 sprintf(errbuf, "failed to open file %s for registering with kqueue: %s", fpath, strerror(errno));
      |                 ^
/Applications/Xcode.app/Contents/Developer/Platforms/MacOSX.platform/Developer/SDKs/MacOSX.sdk/usr/include/_stdio.h:278:1: note: 'sprintf' has been explicitly marked deprecated here
  278 | __deprecated_msg("This function is provided for compatibility reasons only.  Due to security concerns inherent in the design of sprintf(3), it is highly recommended that you use snprintf(3) instead.")
      | ^
/Applications/Xcode.app/Contents/Developer/Platforms/MacOSX.platform/Developer/SDKs/MacOSX.sdk/usr/include/sys/cdefs.h:227:48: note: expanded from macro '__deprecated_msg'
  227 |         #define __deprecated_msg(_msg) __attribute__((__deprecated__(_msg)))
      |                                                       ^
em.cpp:2365:3: warning: 'sprintf' is deprecated: This function is provided for compatibility reasons only.  Due to security concerns inherent in the design of sprintf(3), it is highly recommended that you use snprintf(3) instead. [-Wdeprecated-declarations]
 2365 |                 sprintf(errbuf, "failed to register file watch descriptor with kqueue: %s", strerror(errno));
      |                 ^
/Applications/Xcode.app/Contents/Developer/Platforms/MacOSX.platform/Developer/SDKs/MacOSX.sdk/usr/include/_stdio.h:278:1: note: 'sprintf' has been explicitly marked deprecated here
  278 | __deprecated_msg("This function is provided for compatibility reasons only.  Due to security concerns inherent in the design of sprintf(3), it is highly recommended that you use snprintf(3) instead.")
      | ^
/Applications/Xcode.app/Contents/Developer/Platforms/MacOSX.platform/Developer/SDKs/MacOSX.sdk/usr/include/sys/cdefs.h:227:48: note: expanded from macro '__deprecated_msg'
  227 |         #define __deprecated_msg(_msg) __attribute__((__deprecated__(_msg)))
      |                                                       ^
1 warning generated.
4 warnings and 4 errors generated.
make: *** [em.o] Error 1

make failed, exit code 2
